// Jest Snapshot v1, https://goo.gl/fbAQLP

exports[`it generates the correct js 1`] = `
"/** Generated by lispy-compiler **/

pickRandom(
  'foo',
  9,
  sum(
    1,
    2,
    3,
  )
)
"
`;
